yarn run v1.22.22
$ vite build
[36mvite v6.4.1 [32mbuilding for production...[36m[39m
node.exe : 
At C:\Users\odame\Ap
pData\Roaming\npm\ya
rn.ps1:24 char:5
+     & "node$exe"  
"$basedir/node_modul
es/yarn/bin/yarn.js"
 $args
+     ~~~~~~~~~~~~~~
~~~~~~~~~~~~~~~~~~~~
~~~~~~~~~~~~~~~~~~~~
~~~~~~
    + CategoryInfo  
            : NotS  
  pecified: (:Str   
 ing) [], Remote    
Exception
    + FullyQualifie 
   dErrorId : Nati  
  veCommandError
 
/index.css doesn't 
exist at build 
time, it will 
remain unchanged to 
be resolved at 
runtime
transforming...
[32mΓ£ô[39m 37 modules transformed.
[31mΓ£ù[39m Build 
failed in 873ms
[31merror during 
build:
[31m[vite]: Rollup 
failed to resolve 
import "axios" from 
"C:/Users/odame/Down
loads/lumina-motors/
pages/Admin/DashBoar
d.jsx".
This is most likely 
unintended because 
it can break your 
application at 
runtime.
If you do want to 
externalize this 
module explicitly 
add it to
`build.rollupOptions
.external`[31m
    at viteLog (file
:///C:/Users/odame/D
ownloads/lumina-moto
rs/node_modules/vite
/dist/node/chunks/de
p-D4NMHUTW.js:46374:
15)
    at file:///C:/Us
ers/odame/Downloads/
lumina-motors/node_m
odules/vite/dist/nod
e/chunks/dep-D4NMHUT
W.js:46432:18
    at onwarn (file:
///C:/Users/odame/Do
wnloads/lumina-motor
s/node_modules/@vite
js/plugin-react/dist
/index.js:76:7)
    at file:///C:/Us
ers/odame/Downloads/
lumina-motors/node_m
odules/vite/dist/nod
e/chunks/dep-D4NMHUT
W.js:46430:7
    at onRollupLog (
file:///C:/Users/oda
me/Downloads/lumina-
motors/node_modules/
vite/dist/node/chunk
s/dep-D4NMHUTW.js:46
422:5)
    at onLog (file:/
//C:/Users/odame/Dow
nloads/lumina-motors
/node_modules/vite/d
ist/node/chunks/dep-
D4NMHUTW.js:46072:7)
    at file:///C:/Us
ers/odame/Downloads/
lumina-motors/node_m
odules/rollup/dist/e
s/shared/node-entry.
js:20958:32
    at 
Object.logger [as 
onLog] (file:///C:/U
sers/odame/Downloads
/lumina-motors/node_
modules/rollup/dist/
es/shared/node-entry
.js:22945:9)
    at ModuleLoader.
handleInvalidResolve
dId (file:///C:/User
s/odame/Downloads/lu
mina-motors/node_mod
ules/rollup/dist/es/
shared/node-entry.js
:21689:26)
    at file:///C:/Us
ers/odame/Downloads/
lumina-motors/node_m
odules/rollup/dist/e
s/shared/node-entry.
js:21647:26[39m
error Command 
failed with exit 
code 1.
info Visit https://yarnpkg.com/en/docs/cli/run for documentation about this command.
