pages/Inventory.tsx(5,19): error TS2307: Cannot find module 'axios' or its corresponding type declarations.
services/adminAuthService.ts(1,19): error TS2307: Cannot find module 'axios' or its corresponding type declarations.
services/carService.ts(1,19): error TS2307: Cannot find module 'axios' or its corresponding type declarations.
